// Jest Snapshot v1, https://goo.gl/fbAQLP

exports[`IssuesList should render the expected snapshot 1`] = `
<div>
  <h2>
    <a
      className="float-right"
      href="#"
    >
      <i>
         
        <svg
          aria-hidden={true}
          focusable="false"
          height={24}
          preserveAspectRatio="xMidYMid meet"
          style={
            Object {
              "willChange": "transform",
            }
          }
          viewBox="0 0 32 32"
          width={24}
          xmlns="http://www.w3.org/2000/svg"
        >
          <path
            d="M12 10H6.78A11 11 0 0127 16h2A13 13 0 006 7.68V4H4v8h8zM20 22h5.22A11 11 0 015 16H3a13 13 0 0023 8.32V28h2V20H20z"
          />
        </svg>
         
      </i>
    </a>
  </h2>
  <p>
    <a
      href="https://github.com/IBM-Blockchain/blockchain-vscode-extension/issues?q="
    >
       
      See all on GitHub
    </a>
     // 
    <a
      href="https://github.com/IBM-Blockchain/blockchain-vscode-extension/issues/new"
    >
      Report an incident
    </a>
  </p>
  <p
    className="alert alert-info"
  >
    Please wait, loading status information
  </p>
</div>
`;
