// Jest Snapshot v1, https://goo.gl/fbAQLP

exports[`TransactionViewSidebar component should render the expected snapshot 1`] = `
<div
  className="sidebar-container"
  id="sidebar-container"
>
  <div
    className="panel-container"
  >
    <button
      className="bx--btn bx--btn--field bx--btn--primary"
      disabled={false}
      id="create-button"
      onClick={[Function]}
      tabIndex={0}
      type="button"
    >
      Create a new transaction
    </button>
    <button
      className="bx--btn bx--btn--field bx--btn--primary"
      disabled={false}
      id="import-button"
      onClick={[Function]}
      tabIndex={0}
      type="button"
    >
      Import existing transaction
    </button>
  </div>
  <div
    className="panel-container"
  >
    <h5>
      Filters
    </h5>
  </div>
  <div
    className="panel-container"
  >
    <h5>
      Transactions
    </h5>
  </div>
</div>
`;
